  rep1  R1_raw=   9.098  R1_res=   9.900  R3_res=   6.621  RankMe_raw=   3.116  channel=0.5543
  rep2  R1_raw=  13.096  R1_res=  14.068  R3_res=   9.551  RankMe_raw=   9.646  channel=0.5476
  rep3  R1_raw=  11.182  R1_res=  12.105  R3_res=   8.215  RankMe_raw=   9.773  channel=0.5571
  rep4  R1_raw=  11.401  R1_res=  12.288  R3_res=   8.215  RankMe_raw=   4.746  channel=0.5611
  rep5  R1_raw=  12.993  R1_res=  14.112  R3_res=   9.578  RankMe_raw=  11.058  channel=0.5637

floor (max/min over the five repeats)
            view         block          statistic        min        max     fold  shape
     wsi_biology           raw                 PR     4.0703     4.8918   1.202x  not bimodal (outlier=rep1, rest=1.085x, sep=1.11)
     wsi_biology           raw         PR_rownorm     4.0703     4.8918   1.202x  not bimodal (outlier=rep1, rest=1.085x, sep=1.11)
     wsi_biology           raw                 R1     9.0977    13.0964   1.440x  not bimodal (outlier=rep1, rest=1.171x, sep=1.23)
     wsi_biology           raw                 R2     5.9245     8.4756   1.431x  not bimodal (outlier=rep1, rest=1.149x, sep=1.24)
     wsi_biology           raw                 R3     5.9245     8.4756   1.431x  not bimodal (outlier=rep1, rest=1.149x, sep=1.24)
     wsi_biology           raw             RankMe     3.1164    11.0583   3.548x  not bimodal (outlier=rep1, rest=2.330x, sep=1.52)
     wsi_biology           raw          alpha_req     3.7426     5.7938   1.548x  not bimodal (outlier=rep1, rest=1.222x, sep=1.27)
     wsi_biology           raw  alpha_req_abs_dev     2.7426     4.7938   1.748x  not bimodal (outlier=rep1, rest=1.282x, sep=1.36)
     wsi_biology           raw          hard_rank   256.0000   256.0000   1.000x  not bimodal (outlier=rep1, rest=1.000x, sep=1.00)
     wsi_biology           raw        stable_rank     3.0547     3.5660   1.167x  not bimodal (outlier=rep5, rest=1.130x, sep=1.03)
     wsi_biology  residualised                 PR     4.2408     5.2857   1.246x  not bimodal (outlier=rep5, rest=1.111x, sep=1.12)
     wsi_biology  residualised         PR_rownorm     4.3989     5.6166   1.277x  not bimodal (outlier=rep1, rest=1.157x, sep=1.10)
     wsi_biology  residualised                 R1     9.9004    14.1120   1.425x  not bimodal (outlier=rep1, rest=1.166x, sep=1.22)
     wsi_biology  residualised                 R2     6.2470     9.1390   1.463x  not bimodal (outlier=rep1, rest=1.166x, sep=1.25)
     wsi_biology  residualised                 R3     6.6208     9.5776   1.447x  not bimodal (outlier=rep1, rest=1.166x, sep=1.24)
     wsi_biology  residualised             RankMe     9.9024    14.1148   1.425x  not bimodal (outlier=rep1, rest=1.166x, sep=1.22)
     wsi_biology  residualised          alpha_req     3.7258     5.7164   1.534x  not bimodal (outlier=rep1, rest=1.206x, sep=1.27)
     wsi_biology  residualised  alpha_req_abs_dev     2.7258     4.7164   1.730x  not bimodal (outlier=rep1, rest=1.262x, sep=1.37)
     wsi_biology  residualised          hard_rank   256.0000   256.0000   1.000x  not bimodal (outlier=rep1, rest=1.000x, sep=1.00)
     wsi_biology  residualised        stable_rank     2.9051     3.4281   1.180x  not bimodal (outlier=rep2, rest=1.118x, sep=1.06)
     rna_biology           raw                 PR     3.7505     4.3846   1.169x  not bimodal (outlier=rep2, rest=1.104x, sep=1.06)
     rna_biology           raw         PR_rownorm     3.7505     4.3846   1.169x  not bimodal (outlier=rep2, rest=1.104x, sep=1.06)
     rna_biology           raw                 R1    12.1063    14.9827   1.238x  not bimodal (outlier=rep2, rest=1.180x, sep=1.05)
     rna_biology           raw                 R2     6.5336     8.5765   1.313x  not bimodal (outlier=rep1, rest=1.188x, sep=1.10)
     rna_biology           raw                 R3     6.5336     8.5765   1.313x  not bimodal (outlier=rep1, rest=1.188x, sep=1.10)
     rna_biology           raw             RankMe     5.1833    11.7174   2.261x  not bimodal (outlier=rep1, rest=1.888x, sep=1.20)
     rna_biology           raw          alpha_req     2.7257     4.4248   1.623x  not bimodal (outlier=rep1, rest=1.292x, sep=1.26)
     rna_biology           raw  alpha_req_abs_dev     1.7257     3.4248   1.985x  not bimodal (outlier=rep1, rest=1.412x, sep=1.41)
     rna_biology           raw          hard_rank   256.0000   256.0000   1.000x  not bimodal (outlier=rep1, rest=1.000x, sep=1.00)
     rna_biology           raw        stable_rank     2.6004     2.7525   1.058x  not bimodal (outlier=rep1, rest=1.046x, sep=1.01)
     rna_biology  residualised                 PR     3.7135     4.8336   1.302x  not bimodal (outlier=rep1, rest=1.185x, sep=1.10)
     rna_biology  residualised         PR_rownorm     4.1320     5.2774   1.277x  not bimodal (outlier=rep1, rest=1.172x, sep=1.09)
     rna_biology  residualised                 R1    14.3149    17.6142   1.230x  not bimodal (outlier=rep2, rest=1.180x, sep=1.04)
     rna_biology  residualised                 R2     7.1163     9.6871   1.361x  not bimodal (outlier=rep1, rest=1.205x, sep=1.13)
     rna_biology  residualised                 R3     8.2995    10.8158   1.303x  not bimodal (outlier=rep1, rest=1.211x, sep=1.08)
     rna_biology  residualised             RankMe    14.3174    17.6174   1.230x  not bimodal (outlier=rep2, rest=1.180x, sep=1.04)
     rna_biology  residualised          alpha_req     2.5189     4.2796   1.699x  not bimodal (outlier=rep1, rest=1.310x, sep=1.30)
     rna_biology  residualised  alpha_req_abs_dev     1.5189     3.2796   2.159x  not bimodal (outlier=rep1, rest=1.447x, sep=1.49)
     rna_biology  residualised          hard_rank   256.0000   256.0000   1.000x  not bimodal (outlier=rep1, rest=1.000x, sep=1.00)
     rna_biology  residualised        stable_rank     2.4704     3.4107   1.381x  not bimodal (outlier=rep2, rest=1.114x, sep=1.24)
    full_biology           raw                 PR     4.0665     4.8810   1.200x  not bimodal (outlier=rep1, rest=1.083x, sep=1.11)
    full_biology           raw         PR_rownorm     4.0665     4.8810   1.200x  not bimodal (outlier=rep1, rest=1.083x, sep=1.11)
    full_biology           raw                 R1     9.1191    13.0901   1.435x  not bimodal (outlier=rep1, rest=1.165x, sep=1.23)
    full_biology           raw                 R2     5.9247     8.4612   1.428x  not bimodal (outlier=rep1, rest=1.148x, sep=1.24)
    full_biology           raw                 R3     5.9247     8.4612   1.428x  not bimodal (outlier=rep1, rest=1.148x, sep=1.24)
    full_biology           raw             RankMe     3.1207    11.0479   3.540x  not bimodal (outlier=rep1, rest=2.324x, sep=1.52)
    full_biology           raw          alpha_req     3.7253     5.7646   1.547x  not bimodal (outlier=rep1, rest=1.217x, sep=1.27)
    full_biology           raw  alpha_req_abs_dev     2.7253     4.7646   1.748x  not bimodal (outlier=rep1, rest=1.276x, sep=1.37)
    full_biology           raw          hard_rank   256.0000   256.0000   1.000x  not bimodal (outlier=rep1, rest=1.000x, sep=1.00)
    full_biology           raw        stable_rank     3.0704     3.5986   1.172x  not bimodal (outlier=rep5, rest=1.128x, sep=1.04)
    full_biology  residualised                 PR     4.2372     5.2737   1.245x  not bimodal (outlier=rep5, rest=1.113x, sep=1.12)
    full_biology  residualised         PR_rownorm     4.3979     5.6027   1.274x  not bimodal (outlier=rep1, rest=1.157x, sep=1.10)
    full_biology  residualised                 R1     9.9526    14.1530   1.422x  not bimodal (outlier=rep1, rest=1.160x, sep=1.23)
    full_biology  residualised                 R2     6.2563     9.1386   1.461x  not bimodal (outlier=rep1, rest=1.164x, sep=1.25)
    full_biology  residualised                 R3     6.6422     9.5847   1.443x  not bimodal (outlier=rep1, rest=1.164x, sep=1.24)
    full_biology  residualised             RankMe     9.9546    14.1558   1.422x  not bimodal (outlier=rep1, rest=1.160x, sep=1.23)
    full_biology  residualised          alpha_req     3.7039     5.6891   1.536x  not bimodal (outlier=rep1, rest=1.202x, sep=1.28)
    full_biology  residualised  alpha_req_abs_dev     2.7039     4.6891   1.734x  not bimodal (outlier=rep1, rest=1.257x, sep=1.38)
    full_biology  residualised          hard_rank   256.0000   256.0000   1.000x  not bimodal (outlier=rep1, rest=1.000x, sep=1.00)
    full_biology  residualised        stable_rank     2.8967     3.4194   1.180x  not bimodal (outlier=rep2, rest=1.116x, sep=1.06)
  wsi_rna_paired           raw              LiDAR     7.8005    16.9333   2.171x  not bimodal (outlier=rep1, rest=1.610x, sep=1.35)
  wsi_rna_paired  residualised              LiDAR     8.0220    20.5270   2.559x  not bimodal (outlier=rep1, rest=1.738x, sep=1.47)
         channel  residualised         top_cca_16     0.5476     0.5637   1.029x  not bimodal (outlier=rep2, rest=1.017x, sep=1.01)

wrote /home/ubuntu/e0_run/d1_envelope_pf/out/P2_ENVELOPE_FLOORS_PF.json
