momentum=0.999  decorrelation=0.04  capacity=4096  lr=0.0002  seed=42  steps=500  probe=256
tau=1000.0 steps   T=capacity/214=19.1 steps   tau/T=52.25
  step   R3-rank  CANONICAL  feat-std  rna-rna  contrastive
     0     67.55     101.38    0.0342   0.3650          nan
    50      9.32      19.28    0.0104   0.8407       4.8507
        STALENESS age:cos  0:0.183
   100      7.35      13.95    0.0054   0.9311       4.9177
        STALENESS age:cos  0:0.442
   150      7.43      13.93    0.0051   0.8724       1.7441
        STALENESS age:cos  0:0.652
   200      7.81      12.49    0.0075   0.8622       5.2433
        STALENESS age:cos  0:0.720
   250      7.15      11.74    0.0065   0.8199       5.0432
        STALENESS age:cos  0:0.830
   300      7.28      11.99    0.0066   0.8823       3.6094
        STALENESS age:cos  0:0.881
   350      7.86      12.17    0.0065   0.8198       5.9501
        STALENESS age:cos  0:0.900
   400      7.80      12.14    0.0061   0.8918       5.8402
        STALENESS age:cos  0:0.923
   450      7.50      11.56    0.0062   0.8594       5.5990
        STALENESS age:cos  0:0.940
   500      7.74      11.70    0.0067   0.8624       6.5825
        STALENESS age:cos  0:0.954

DONE momentum=0.999 decorr=0.04 final_eff_rank=7.74 rna_rna=0.8624
