momentum=0.999  decorrelation=0.04  capacity=4096  lr=0.0002  seed=42  steps=500  probe=256
tau=1000.0 steps   T=capacity/214=19.1 steps   tau/T=52.25
  step   R3-rank  CANONICAL  feat-std  rna-rna  contrastive
     0     67.55     101.38    0.0342   0.3650          nan
    50      9.28      19.17    0.0105   0.8416       4.8491
        STALENESS age:cos  0:0.182
   100      7.07      13.28    0.0057   0.9287       4.9076
        STALENESS age:cos  0:0.451
   150      7.09      12.79    0.0059   0.8620       1.7988
        STALENESS age:cos  0:0.683
   200      7.09      12.15    0.0044   0.9078       5.3910
        STALENESS age:cos  0:0.803
   250      6.93      11.11    0.0055   0.8548       5.6343
        STALENESS age:cos  0:0.846
   300      7.19      11.28    0.0059   0.8718       3.7474
        STALENESS age:cos  0:0.910
   350      7.49      11.62    0.0055   0.8973       6.0108
        STALENESS age:cos  0:0.927
   400      7.20      11.25    0.0070   0.8766       5.8436
        STALENESS age:cos  0:0.914
   450      6.96      10.69    0.0060   0.9074       5.6510
        STALENESS age:cos  0:0.927
   500      7.45      11.05    0.0059   0.8660       6.5038
        STALENESS age:cos  0:0.943

DONE momentum=0.999 decorr=0.04 final_eff_rank=7.45 rna_rna=0.8660
