momentum=0.0  decorrelation=0.04  capacity=4096  lr=0.0002  seed=42  steps=500  probe=256
tau=0.0 steps   T=capacity/214=19.1 steps   tau/T=0.00
  step   R3-rank  CANONICAL  feat-std  rna-rna  contrastive
     0     67.55     101.38    0.0342   0.3650          nan
    50      4.10       6.32    0.0199   0.8322       6.1813
        STALENESS age:cos  0:0.398
   100      2.83       4.00    0.0381   0.6623       5.6660
        STALENESS age:cos  0:0.366
   150      2.61       3.72    0.0363   0.5086       4.9766
        STALENESS age:cos  0:0.357
   200      2.99       3.73    0.0314   0.7893       5.8897
        STALENESS age:cos  0:0.718
   250      3.00       3.73    0.0228   0.9561       6.3908
        STALENESS age:cos  0:0.658
   300      1.98       2.59    0.0458   0.1397       6.9531
        STALENESS age:cos  0:0.682
   350      1.55       2.22    0.0333   0.5341       6.5259
        STALENESS age:cos  0:0.684
   400      2.16       2.84    0.0165   0.9138       7.0766
        STALENESS age:cos  0:0.899
   450      1.73       2.14    0.0091   0.9898       7.4271
        STALENESS age:cos  0:0.929
   500      2.02       2.30    0.0063   0.9907       7.6196
        STALENESS age:cos  0:0.964

DONE momentum=0.0 decorr=0.04 final_eff_rank=2.02 rna_rna=0.9907
