momentum=0.999  decorrelation=0.04  capacity=4096  lr=0.0002  seed=42  steps=500  probe=256
tau=1000.0 steps   T=capacity/214=19.1 steps   tau/T=52.25
  step   R3-rank  CANONICAL  feat-std  rna-rna  contrastive
     0     67.55     101.38    0.0342   0.3650          nan
    50      9.32      19.22    0.0105   0.8437       4.8441
        STALENESS age:cos  0:0.181
   100      7.47      14.00    0.0060   0.9141       4.8737
        STALENESS age:cos  0:0.447
   150      7.10      14.29    0.0042   0.9239       2.1865
        STALENESS age:cos  0:0.674
   200      7.15      12.10    0.0066   0.8176       5.3096
        STALENESS age:cos  0:0.808
   250      7.97      12.95    0.0050   0.8940       5.4780
        STALENESS age:cos  0:0.861
   300      7.37      11.77    0.0058   0.8251       4.2240
        STALENESS age:cos  0:0.921
   350      7.98      12.65    0.0060   0.8928       5.8576
        STALENESS age:cos  0:0.914
   400      7.95      12.38    0.0072   0.8540       6.0649
        STALENESS age:cos  0:0.931
   450      7.81      11.95    0.0064   0.8912       5.6146
        STALENESS age:cos  0:0.944
   500      7.64      11.69    0.0064   0.8836       6.5361
        STALENESS age:cos  0:0.946

DONE momentum=0.999 decorr=0.04 final_eff_rank=7.64 rna_rna=0.8836
