momentum=0.999  decorrelation=0.04  capacity=4096  lr=0.0002  seed=42  steps=600  probe=256
tau=1000.0 steps   T=capacity/214=19.1 steps   tau/T=52.25
  step   R3-rank  CANONICAL  feat-std  rna-rna  contrastive
     0     67.55     101.38    0.0342   0.3650          nan
    50      9.31      19.23    0.0104   0.8418       4.8567
        STALENESS age:cos  0:0.183
   100      6.71      12.89    0.0056   0.9396       4.9592
        STALENESS age:cos  0:0.429
   150      6.49      11.60    0.0066   0.8633       1.4480
        STALENESS age:cos  0:0.653
   200      6.66      10.92    0.0078   0.8756       5.1302
        STALENESS age:cos  0:0.789
   250      7.36      11.68    0.0056   0.8606       5.4774
        STALENESS age:cos  0:0.849
   300      7.05      11.21    0.0059   0.8993       3.4076
        STALENESS age:cos  0:0.890
   350      7.18      11.24    0.0060   0.8611       6.0214
        STALENESS age:cos  0:0.922
   400      7.25      11.38    0.0058   0.8872       6.1103
        STALENESS age:cos  0:0.916
   450      7.08      11.15    0.0062   0.8816       5.5312
        STALENESS age:cos  0:0.929
   500      7.48      11.36    0.0065   0.8660       6.5932
        STALENESS age:cos  0:0.943
   550      7.02      10.77    0.0060   0.8837       6.9430
        STALENESS age:cos  0:0.947
   600      7.42      10.98    0.0060   0.8945       6.4344
        STALENESS age:cos  0:0.956

DONE momentum=0.999 decorr=0.04 final_eff_rank=7.42 rna_rna=0.8945
