momentum=0.98  decorrelation=0.04  capacity=4096  lr=0.0002  seed=42  steps=600  probe=256
tau=50.0 steps   T=capacity/214=19.1 steps   tau/T=2.61
  step   R3-rank  CANONICAL  feat-std  rna-rna  contrastive
     0     67.55     101.38    0.0342   0.3650          nan
    50      6.93      14.05    0.0078   0.8407       5.2305
        STALENESS age:cos  0:0.757
   100      5.78      11.63    0.0039   0.9568       6.4063
        STALENESS age:cos  0:0.901
   150      4.33       7.14    0.0037   0.9763       7.7031
        STALENESS age:cos  0:0.957
   200      4.71       6.74    0.0050   0.9782       7.4933
        STALENESS age:cos  0:0.941
   250      4.43       6.01    0.0045   0.9597       7.8374
        STALENESS age:cos  0:0.955
   300      4.63       5.94    0.0051   0.9775       7.8438
        STALENESS age:cos  0:0.981
   350      4.68       5.92    0.0043   0.9770       8.0246
        STALENESS age:cos  0:0.976
   400      4.76       5.79    0.0040   0.9855       8.1336
        STALENESS age:cos  0:0.979
   450      4.78       5.83    0.0045   0.9771       7.9323
        STALENESS age:cos  0:0.985
   500      4.65       5.74    0.0053   0.9734       8.0023
        STALENESS age:cos  0:0.985
   550      5.02       5.91    0.0043   0.9798       8.1005
        STALENESS age:cos  0:0.988
   600      5.07       6.01    0.0052   0.9748       7.9437
        STALENESS age:cos  0:0.989

DONE momentum=0.98 decorr=0.04 final_eff_rank=5.07 rna_rna=0.9748
