momentum=0.99  decorrelation=0.04  capacity=4096  lr=0.0002  seed=42  steps=600  probe=256
tau=100.0 steps   T=capacity/214=19.1 steps   tau/T=5.22
  step   R3-rank  CANONICAL  feat-std  rna-rna  contrastive
     0     67.55     101.38    0.0342   0.3650          nan
    50      8.68      18.61    0.0078   0.8768       5.0012
        STALENESS age:cos  0:0.621
   100      6.63      11.91    0.0042   0.8938       6.5446
        STALENESS age:cos  0:0.908
   150      4.59       7.89    0.0064   0.9045       6.5000
        STALENESS age:cos  0:0.949
   200      4.32       6.56    0.0051   0.9549       7.3247
        STALENESS age:cos  0:0.955
   250      4.04       5.95    0.0042   0.9597       8.0397
        STALENESS age:cos  0:0.962
   300      3.81       5.56    0.0060   0.9567       7.6250
        STALENESS age:cos  0:0.968
   350      3.73       5.38    0.0046   0.9745       7.7999
        STALENESS age:cos  0:0.973
   400      4.60       6.05    0.0049   0.9630       7.8910
        STALENESS age:cos  0:0.976
   450      4.33       5.68    0.0056   0.9674       7.6875
        STALENESS age:cos  0:0.971
   500      4.39       5.48    0.0046   0.9560       8.0171
        STALENESS age:cos  0:0.976
   550      4.50       5.82    0.0054   0.9534       8.2099
        STALENESS age:cos  0:0.976
   600      4.46       5.52    0.0050   0.9629       7.5750
        STALENESS age:cos  0:0.976

DONE momentum=0.99 decorr=0.04 final_eff_rank=4.46 rna_rna=0.9629
