momentum=0.0  decorrelation=0.04  capacity=4096  lr=0.0002  seed=42  steps=600  probe=256
tau=0.0 steps   T=capacity/214=19.1 steps   tau/T=0.00
  step   R3-rank  CANONICAL  feat-std  rna-rna  contrastive
     0     67.55     101.38    0.0342   0.3650          nan
    50      4.08       6.27    0.0196   0.8380       6.1204
        STALENESS age:cos  0:0.405
   100      2.47       3.38    0.0206   0.8484       6.0828
        STALENESS age:cos  0:0.499
   150      2.19       2.73    0.0198   0.8756       5.8672
        STALENESS age:cos  0:0.688
   200      2.69       3.40    0.0233   0.9356       6.4807
        STALENESS age:cos  0:0.484
   250      1.10       1.28    0.0080   0.9377       6.9621
        STALENESS age:cos  0:0.849
   300      2.76       3.45    0.0195   0.8855       7.7240
        STALENESS age:cos  0:0.861
   350      1.16       1.37    0.0194   0.7095       7.0137
        STALENESS age:cos  0:0.913
   400      1.78       2.20    0.0074   0.9553       7.9338
        STALENESS age:cos  0:0.987
   450      1.21       1.46    0.0037   0.9627       7.5729
        STALENESS age:cos  0:0.920
   500      1.19       1.38    0.0061   0.9249       7.7567
        STALENESS age:cos  0:0.988
   550      1.23       1.46    0.0048   0.9181       7.6853
        STALENESS age:cos  0:0.977
   600      1.30       1.56    0.0092   0.8937       6.3406
        STALENESS age:cos  0:0.939

DONE momentum=0.0 decorr=0.04 final_eff_rank=1.30 rna_rna=0.8937
