momentum=0.999  decorrelation=0.04  capacity=4096  lr=0.0002  seed=42  steps=600  probe=256
tau=1000.0 steps   T=capacity/214=19.1 steps   tau/T=52.25
  step   R3-rank  CANONICAL  feat-std  rna-rna  contrastive
     0     67.55     101.38    0.0342   0.3650          nan
    50      9.32      19.33    0.0105   0.8406       4.8463
        STALENESS age:cos  0:0.182
   100      6.81      12.85    0.0058   0.9280       4.9107
        STALENESS age:cos  0:0.440
   150      7.00      13.10    0.0051   0.8777       1.6357
        STALENESS age:cos  0:0.666
   200      7.54      12.35    0.0052   0.8713       5.4159
        STALENESS age:cos  0:0.776
   250      7.34      11.96    0.0066   0.8357       5.3445
        STALENESS age:cos  0:0.837
   300      7.08      11.22    0.0084   0.8239       3.8125
        STALENESS age:cos  0:0.887
   350      7.21      11.64    0.0053   0.8195       5.9713
        STALENESS age:cos  0:0.919
   400      8.09      12.35    0.0060   0.9031       5.7646
        STALENESS age:cos  0:0.910
   450      7.73      11.84    0.0068   0.8756       5.4766
        STALENESS age:cos  0:0.934
   500      7.62      11.68    0.0067   0.8618       6.5030
        STALENESS age:cos  0:0.951
   550      7.66      11.58    0.0051   0.8911       7.1631
        STALENESS age:cos  0:0.958
   600      8.05      11.95    0.0059   0.8738       6.4313
        STALENESS age:cos  0:0.966

DONE momentum=0.999 decorr=0.04 final_eff_rank=8.05 rna_rna=0.8738
