momentum=0.99  decorrelation=0.04  capacity=4096  lr=0.0002  seed=42  steps=600  probe=256
tau=100.0 steps   T=capacity/214=19.1 steps   tau/T=5.22
  step   R3-rank  CANONICAL  feat-std  rna-rna  contrastive
     0     67.55     101.38    0.0342   0.3650          nan
    50      8.63      18.42    0.0079   0.8767       4.9951
        STALENESS age:cos  0:0.620
   100      6.30      11.79    0.0040   0.9219       6.3176
        STALENESS age:cos  0:0.905
   150      5.65       8.97    0.0070   0.9274       6.2383
        STALENESS age:cos  0:0.929
   200      5.88       9.15    0.0044   0.9679       7.3835
        STALENESS age:cos  0:0.949
   250      5.19       7.84    0.0047   0.9665       7.7539
        STALENESS age:cos  0:0.963
   300      5.66       7.89    0.0051   0.9696       7.7552
        STALENESS age:cos  0:0.983
   350      5.73       7.68    0.0055   0.9680       7.9182
        STALENESS age:cos  0:0.974
   400      5.42       7.25    0.0044   0.9730       7.9975
        STALENESS age:cos  0:0.974
   450      5.49       7.23    0.0051   0.9702       7.7969
        STALENESS age:cos  0:0.980
   500      5.76       7.32    0.0055   0.9686       8.0933
        STALENESS age:cos  0:0.986
   550      5.48       7.05    0.0047   0.9662       8.0481
        STALENESS age:cos  0:0.984
   600      5.52       6.90    0.0057   0.9654       7.9344
        STALENESS age:cos  0:0.985

DONE momentum=0.99 decorr=0.04 final_eff_rank=5.52 rna_rna=0.9654
