momentum=0.99  decorrelation=0.04  capacity=4096  lr=0.0002  seed=42  steps=600  probe=256
tau=100.0 steps   T=capacity/214=19.1 steps   tau/T=5.22
  step   R3-rank  CANONICAL  feat-std  rna-rna  contrastive
     0     67.55     101.38    0.0342   0.3650          nan
    50      8.68      18.54    0.0079   0.8782       4.9877
        STALENESS age:cos  0:0.620
   100      6.39      11.43    0.0043   0.9062       6.4270
        STALENESS age:cos  0:0.909
   150      4.35       7.33    0.0076   0.9189       5.7031
        STALENESS age:cos  0:0.901
   200      4.75       7.19    0.0050   0.9640       7.2383
        STALENESS age:cos  0:0.937
   250      4.95       7.07    0.0045   0.9656       7.7620
        STALENESS age:cos  0:0.969
   300      5.01       7.04    0.0046   0.9704       7.6198
        STALENESS age:cos  0:0.974
   350      5.25       6.91    0.0049   0.9677       7.8962
        STALENESS age:cos  0:0.975
   400      4.85       6.49    0.0057   0.9686       7.9270
        STALENESS age:cos  0:0.970
   450      4.73       6.37    0.0051   0.9729       7.9531
        STALENESS age:cos  0:0.978
   500      5.31       6.73    0.0048   0.9749       8.0248
        STALENESS age:cos  0:0.985
   550      5.64       6.95    0.0047   0.9677       8.1642
        STALENESS age:cos  0:0.988
   600      5.53       6.80    0.0051   0.9610       7.8500
        STALENESS age:cos  0:0.980

DONE momentum=0.99 decorr=0.04 final_eff_rank=5.53 rna_rna=0.9610
