momentum=0.999  decorrelation=0.04  capacity=4096  lr=0.0002  seed=42  steps=600  probe=256
tau=1000.0 steps   T=capacity/214=19.1 steps   tau/T=52.25
  step   R3-rank  CANONICAL  feat-std  rna-rna  contrastive
     0     67.55     101.38    0.0342   0.3650          nan
    50      9.33      19.30    0.0104   0.8426       4.8528
        STALENESS age:cos  0:0.181
   100      6.99      13.10    0.0058   0.9232       4.8995
        STALENESS age:cos  0:0.450
   150      6.70      13.40    0.0047   0.8831       1.6406
        STALENESS age:cos  0:0.649
   200      7.03      11.41    0.0060   0.8958       5.1459
        STALENESS age:cos  0:0.780
   250      7.05      11.93    0.0050   0.9202       5.4309
        STALENESS age:cos  0:0.841
   300      7.35      11.59    0.0066   0.8493       4.2565
        STALENESS age:cos  0:0.894
   350      7.71      12.07    0.0059   0.8654       5.9355
        STALENESS age:cos  0:0.924
[W804 19:33:55.247122776 CUDACachingAllocator.cpp:3933] memory allocation failed with OOM on device 0 while trying to allocate 249561088 bytes (free: 9437184, total: 85094825984).
   400      7.49      11.59    0.0054   0.8711       6.4044
        STALENESS age:cos  0:0.925
   450      7.80      11.61    0.0061   0.8664       5.9896
        STALENESS age:cos  0:0.941
   500      7.67      11.58    0.0049   0.8995       6.6255
        STALENESS age:cos  0:0.948
   550      7.62      11.32    0.0059   0.8711       7.0733
        STALENESS age:cos  0:0.960
   600      7.35      10.97    0.0054   0.8785       6.7188
        STALENESS age:cos  0:0.963

DONE momentum=0.999 decorr=0.04 final_eff_rank=7.35 rna_rna=0.8785
