momentum=0.999  decorrelation=0.04  capacity=4096  lr=0.0002  seed=42  steps=600  probe=256
tau=1000.0 steps   T=capacity/214=19.1 steps   tau/T=52.25
  step   R3-rank  CANONICAL  feat-std  rna-rna  contrastive
     0     67.55     101.38    0.0342   0.3650          nan
    50      9.31      19.26    0.0104   0.8410       4.8527
        STALENESS age:cos  0:0.180
   100      6.80      12.93    0.0056   0.9365       4.9244
        STALENESS age:cos  0:0.438
   150      6.82      12.87    0.0063   0.8468       1.5396
        STALENESS age:cos  0:0.676
   200      6.41      10.99    0.0076   0.8796       5.0350
        STALENESS age:cos  0:0.756
   250      6.93      11.27    0.0066   0.8696       5.4405
        STALENESS age:cos  0:0.840
   300      7.10      11.22    0.0074   0.8064       3.9609
        STALENESS age:cos  0:0.912
   350      7.45      11.54    0.0078   0.8459       5.6162
        STALENESS age:cos  0:0.895
   400      7.29      11.18    0.0074   0.8494       5.8778
        STALENESS age:cos  0:0.930
   450      6.93      10.67    0.0069   0.8103       5.5677
        STALENESS age:cos  0:0.929
   500      7.59      11.36    0.0068   0.8567       6.6244
        STALENESS age:cos  0:0.952
   550      7.05      10.56    0.0057   0.8698       6.8269
        STALENESS age:cos  0:0.960
   600      7.27      10.84    0.0054   0.8921       6.5625
        STALENESS age:cos  0:0.963

DONE momentum=0.999 decorr=0.04 final_eff_rank=7.27 rna_rna=0.8921
