momentum=0.99  decorrelation=0.04  capacity=4096  lr=0.0002  seed=42  steps=600  probe=256
tau=100.0 steps   T=capacity/214=19.1 steps   tau/T=5.22
  step   R3-rank  CANONICAL  feat-std  rna-rna  contrastive
     0     67.55     101.38    0.0342   0.3650          nan
    50      8.59      18.28    0.0079   0.8760       4.9964
        STALENESS age:cos  0:0.620
   100      6.38      12.14    0.0041   0.9135       6.4875
        STALENESS age:cos  0:0.904
   150      5.21       8.62    0.0061   0.9227       6.2188
        STALENESS age:cos  0:0.927
   200      6.02       8.93    0.0062   0.9561       7.1589
        STALENESS age:cos  0:0.933
   250      5.55       8.22    0.0049   0.9465       7.7932
        STALENESS age:cos  0:0.967
   300      5.73       8.11    0.0044   0.9591       7.7083
        STALENESS age:cos  0:0.974
   350      5.87       7.83    0.0047   0.9693       7.8333
        STALENESS age:cos  0:0.967
   400      5.57       7.37    0.0057   0.9606       8.0339
        STALENESS age:cos  0:0.985
   450      5.34       6.97    0.0061   0.9553       7.9688
        STALENESS age:cos  0:0.986
   500      5.75       7.18    0.0063   0.9515       8.1107
        STALENESS age:cos  0:0.984
   550      5.41       6.83    0.0060   0.9554       8.0739
        STALENESS age:cos  0:0.990
   600      5.71       7.03    0.0065   0.9572       7.8969
        STALENESS age:cos  0:0.983

DONE momentum=0.99 decorr=0.04 final_eff_rank=5.71 rna_rna=0.9572
