momentum=0.98  decorrelation=0.04  capacity=4096  lr=0.0002  seed=42  steps=600  probe=256
tau=50.0 steps   T=capacity/214=19.1 steps   tau/T=2.61
  step   R3-rank  CANONICAL  feat-std  rna-rna  contrastive
     0     67.55     101.38    0.0342   0.3650          nan
    50      6.96      14.13    0.0079   0.8414       5.2180
        STALENESS age:cos  0:0.756
   100      5.58      11.41    0.0042   0.9466       6.6633
        STALENESS age:cos  0:0.918
   150      4.65       7.15    0.0051   0.9686       7.5078
        STALENESS age:cos  0:0.960
   200      3.62       5.78    0.0044   0.9667       7.6973
        STALENESS age:cos  0:0.957
   250      4.78       6.20    0.0055   0.9655       7.7740
        STALENESS age:cos  0:0.970
   300      4.35       5.72    0.0071   0.9670       7.5521
        STALENESS age:cos  0:0.972
   350      4.65       5.80    0.0050   0.9742       7.9709
        STALENESS age:cos  0:0.980
   400      4.45       5.74    0.0050   0.9722       8.1266
        STALENESS age:cos  0:0.982
   450      4.78       5.86    0.0049   0.9757       7.7344
        STALENESS age:cos  0:0.983
   500      5.03       5.98    0.0051   0.9706       8.0187
        STALENESS age:cos  0:0.985
   550      5.04       6.11    0.0053   0.9753       8.0265
        STALENESS age:cos  0:0.989
   600      4.57       5.66    0.0057   0.9681       7.9219
        STALENESS age:cos  0:0.988

DONE momentum=0.98 decorr=0.04 final_eff_rank=4.57 rna_rna=0.9681
