momentum=0.995  decorrelation=0.04  capacity=4096  lr=0.0002  seed=42  steps=600  probe=256
tau=200.0 steps   T=capacity/214=19.1 steps   tau/T=10.45
  step   R3-rank  CANONICAL  feat-std  rna-rna  contrastive
     0     67.55     101.38    0.0342   0.3650          nan
    50      9.37      19.85    0.0080   0.8945       4.9872
        STALENESS age:cos  0:0.450
   100      6.67      12.00    0.0050   0.9368       5.6157
        STALENESS age:cos  0:0.863
   150      6.10      10.33    0.0050   0.9197       6.7930
        STALENESS age:cos  0:0.950
   200      5.96       9.57    0.0055   0.9185       6.5053
        STALENESS age:cos  0:0.909
   250      6.34       9.71    0.0035   0.9616       7.2700
        STALENESS age:cos  0:0.960
   300      5.61       8.60    0.0041   0.9523       7.6927
        STALENESS age:cos  0:0.972
   350      6.17       8.78    0.0048   0.9502       7.7970
        STALENESS age:cos  0:0.970
   400      5.98       8.55    0.0040   0.9674       7.6594
        STALENESS age:cos  0:0.963
   450      6.15       8.54    0.0052   0.9556       7.7604
        STALENESS age:cos  0:0.978
   500      5.54       7.72    0.0055   0.9429       7.8385
        STALENESS age:cos  0:0.971
   550      5.87       7.98    0.0054   0.9459       7.9516
        STALENESS age:cos  0:0.979
   600      5.95       7.78    0.0056   0.9492       7.8875
        STALENESS age:cos  0:0.984

DONE momentum=0.995 decorr=0.04 final_eff_rank=5.95 rna_rna=0.9492
