momentum=0.999  decorrelation=0.04  capacity=4096  lr=0.0002  seed=42  steps=600  probe=256
tau=1000.0 steps   T=capacity/214=19.1 steps   tau/T=52.25
  step   R3-rank  CANONICAL  feat-std  rna-rna  contrastive
     0     67.55     101.38    0.0342   0.3650          nan
    50      9.33      19.33    0.0104   0.8385       4.8528
        STALENESS age:cos  0:0.181
   100      6.56      12.67    0.0056   0.9410       4.9512
        STALENESS age:cos  0:0.428
   150      6.53      12.23    0.0058   0.9024       1.6558
        STALENESS age:cos  0:0.663
   200      7.40      11.82    0.0073   0.8681       5.1162
        STALENESS age:cos  0:0.724
   250      7.38      11.97    0.0064   0.8565       5.2228
        STALENESS age:cos  0:0.832
   300      7.15      11.19    0.0059   0.8391       3.6732
        STALENESS age:cos  0:0.902
   350      6.78      10.81    0.0061   0.8589       5.7936
        STALENESS age:cos  0:0.901
   400      7.32      11.23    0.0078   0.7790       6.1015
        STALENESS age:cos  0:0.928
   450      7.61      11.43    0.0067   0.8441       4.5833
        STALENESS age:cos  0:0.909
   500      6.93      10.39    0.0072   0.8638       6.3434
        STALENESS age:cos  0:0.939
   550      7.00      10.43    0.0055   0.8490       6.7534
        STALENESS age:cos  0:0.949
   600      7.29      10.83    0.0059   0.8406       6.3375
        STALENESS age:cos  0:0.946

DONE momentum=0.999 decorr=0.04 final_eff_rank=7.29 rna_rna=0.8406
