momentum=0.995  decorrelation=0.04  capacity=4096  lr=0.0002  seed=42  steps=600  probe=256
tau=200.0 steps   T=capacity/214=19.1 steps   tau/T=10.45
  step   R3-rank  CANONICAL  feat-std  rna-rna  contrastive
     0     67.55     101.38    0.0342   0.3650          nan
    50      9.37      19.79    0.0079   0.8944       4.9887
        STALENESS age:cos  0:0.450
   100      6.58      12.11    0.0048   0.9389       5.6593
        STALENESS age:cos  0:0.855
   150      5.14       8.92    0.0068   0.8533       5.1387
        STALENESS age:cos  0:0.901
   200      6.19       9.47    0.0091   0.9218       6.4103
        STALENESS age:cos  0:0.920
   250      6.19       9.48    0.0047   0.9499       7.4378
        STALENESS age:cos  0:0.965
   300      5.64       8.64    0.0045   0.9596       7.4219
        STALENESS age:cos  0:0.966
   350      6.34       8.95    0.0061   0.9366       7.4745
        STALENESS age:cos  0:0.955
   400      6.02       8.51    0.0039   0.9710       7.7943
        STALENESS age:cos  0:0.966
   450      5.67       7.99    0.0051   0.9610       7.8333
        STALENESS age:cos  0:0.979
   500      6.05       8.20    0.0056   0.9575       7.9764
        STALENESS age:cos  0:0.984
   550      5.93       7.99    0.0054   0.9559       8.1246
        STALENESS age:cos  0:0.984
   600      5.83       7.71    0.0061   0.9550       7.8969
        STALENESS age:cos  0:0.984

DONE momentum=0.995 decorr=0.04 final_eff_rank=5.83 rna_rna=0.9550
