  m0999   rep1  step600  R1=  10.939  R3=   6.971  RankMe=  3.013  hard=   256
  m0999   rep2  step600  R1=  11.955  R3=   8.054  RankMe=  3.390  hard=   256
  m0999   rep3  step600  R1=  10.696  R3=   7.205  RankMe=  3.033  hard=   256
  m0999   rep4  step600  R1=  10.353  R3=   6.741  RankMe=  2.934  hard=   256
  m0999   rep5  step600  R1=  10.973  R3=   7.348  RankMe=  2.987  hard=   256
  m0      rep1  step600  R1=   2.738  R3=   2.265  RankMe=  2.186  hard=   256
  m0      rep2  step600  R1=   2.456  R3=   2.188  RankMe=  2.215  hard=   256
  m0      rep3  step600  R1=   2.129  R3=   1.956  RankMe=  1.961  hard=   256
  m0      rep4  step600  R1=   1.564  R3=   1.295  RankMe=  1.754  hard=   256
  m0      rep5  step600  R1=   2.246  R3=   1.895  RankMe=  1.907  hard=   256

floor on the fixed held-out probe at step 600 (max/min over five same-seed repeats, per arm)
            view          statistic     arm        min        max     fold  shape
     wsi_biology                 PR   m0999     3.3608     4.8130   1.432x  not bimodal (outlier=rep2, rest=1.327x, sep=1.08)
     wsi_biology                 PR      m0     1.0346     1.8674   1.805x  not bimodal (outlier=rep4, rest=1.374x, sep=1.31)
                                 PR   FLOOR                         1.805x  carried by m0
     wsi_biology         PR_rownorm   m0999     3.3608     4.8130   1.432x  not bimodal (outlier=rep2, rest=1.327x, sep=1.08)
     wsi_biology         PR_rownorm      m0     1.0346     1.8674   1.805x  not bimodal (outlier=rep4, rest=1.374x, sep=1.31)
                         PR_rownorm   FLOOR                         1.805x  carried by m0
     wsi_biology                 R1   m0999    10.3531    11.9545   1.155x  not bimodal (outlier=rep2, rest=1.060x, sep=1.09)
     wsi_biology                 R1      m0     1.5637     2.7384   1.751x  not bimodal (outlier=rep4, rest=1.286x, sep=1.36)
                                 R1   FLOOR                         1.751x  carried by m0
     wsi_biology                 R2   m0999     6.7411     8.0536   1.195x  not bimodal (outlier=rep2, rest=1.090x, sep=1.10)
     wsi_biology                 R2      m0     1.2951     2.2652   1.749x  not bimodal (outlier=rep4, rest=1.195x, sep=1.46)
                                 R2   FLOOR                         1.749x  carried by m0
     wsi_biology                 R3   m0999     6.7411     8.0536   1.195x  not bimodal (outlier=rep2, rest=1.090x, sep=1.10)
     wsi_biology                 R3      m0     1.2951     2.2652   1.749x  not bimodal (outlier=rep4, rest=1.195x, sep=1.46)
                                 R3   FLOOR                         1.749x  carried by m0
     wsi_biology             RankMe   m0999     2.9343     3.3903   1.155x  not bimodal (outlier=rep2, rest=1.034x, sep=1.12)
     wsi_biology             RankMe      m0     1.7535     2.2148   1.263x  not bimodal (outlier=rep4, rest=1.162x, sep=1.09)
                             RankMe   FLOOR                         1.263x  carried by m0
     wsi_biology          alpha_req   m0999     3.0090     3.1574   1.049x  not bimodal (outlier=rep2, rest=1.041x, sep=1.01)
     wsi_biology          alpha_req      m0     4.2670     6.5895   1.544x  not bimodal (outlier=rep2, rest=1.296x, sep=1.19)
                          alpha_req   FLOOR                         1.544x  carried by m0
     wsi_biology  alpha_req_abs_dev   m0999     2.0090     2.1574   1.074x  not bimodal (outlier=rep2, rest=1.062x, sep=1.01)
     wsi_biology  alpha_req_abs_dev      m0     3.2670     5.5895   1.711x  not bimodal (outlier=rep2, rest=1.368x, sep=1.25)
                  alpha_req_abs_dev   FLOOR                         1.711x  carried by m0
     wsi_biology          hard_rank   m0999   256.0000   256.0000   1.000x  not bimodal (outlier=rep1, rest=1.000x, sep=1.00)
     wsi_biology          hard_rank      m0   256.0000   256.0000   1.000x  not bimodal (outlier=rep1, rest=1.000x, sep=1.00)
                          hard_rank   FLOOR                         1.000x  carried by m0999
     wsi_biology        stable_rank   m0999     2.1180     2.9040   1.371x  not bimodal (outlier=rep2, rest=1.347x, sep=1.02)
     wsi_biology        stable_rank      m0     1.0173     1.5641   1.537x  not bimodal (outlier=rep4, rest=1.320x, sep=1.16)
                        stable_rank   FLOOR                         1.537x  carried by m0
     rna_biology                 PR   m0999     3.9115     4.5984   1.176x  not bimodal (outlier=rep4, rest=1.107x, sep=1.06)
     rna_biology                 PR      m0     1.0092     1.6413   1.626x  not bimodal (outlier=rep5, rest=1.523x, sep=1.07)
                                 PR   FLOOR                         1.626x  carried by m0
     rna_biology         PR_rownorm   m0999     3.9115     4.5984   1.176x  not bimodal (outlier=rep4, rest=1.107x, sep=1.06)
     rna_biology         PR_rownorm      m0     1.0092     1.6413   1.626x  not bimodal (outlier=rep5, rest=1.523x, sep=1.07)
                         PR_rownorm   FLOOR                         1.626x  carried by m0
     rna_biology                 R1   m0999    11.5152    12.7092   1.104x  not bimodal (outlier=rep4, rest=1.073x, sep=1.03)
     rna_biology                 R1      m0     1.2987     2.5157   1.937x  not bimodal (outlier=rep3, rest=1.590x, sep=1.22)
                                 R1   FLOOR                         1.937x  carried by m0
     rna_biology                 R2   m0999     7.0703     7.9304   1.122x  not bimodal (outlier=rep4, rest=1.076x, sep=1.04)
     rna_biology                 R2      m0     1.1416     2.1169   1.854x  not bimodal (outlier=rep3, rest=1.643x, sep=1.13)
                                 R2   FLOOR                         1.854x  carried by m0
     rna_biology                 R3   m0999     7.0703     7.9304   1.122x  not bimodal (outlier=rep4, rest=1.076x, sep=1.04)
     rna_biology                 R3      m0     1.1416     2.1169   1.854x  not bimodal (outlier=rep3, rest=1.643x, sep=1.13)
                                 R3   FLOOR                         1.854x  carried by m0
     rna_biology             RankMe   m0999     6.1299     7.2071   1.176x  not bimodal (outlier=rep4, rest=1.097x, sep=1.07)
     rna_biology             RankMe      m0     1.3846     2.0117   1.453x  not bimodal (outlier=rep1, rest=1.327x, sep=1.10)
                             RankMe   FLOOR                         1.453x  carried by m0
     rna_biology          alpha_req   m0999     2.2473     2.3580   1.049x  not bimodal (outlier=rep3, rest=1.022x, sep=1.03)
     rna_biology          alpha_req      m0     2.5175     4.8737   1.936x  not bimodal (outlier=rep4, rest=1.212x, sep=1.60)
                          alpha_req   FLOOR                         1.936x  carried by m0
     rna_biology  alpha_req_abs_dev   m0999     1.2473     1.3580   1.089x  not bimodal (outlier=rep3, rest=1.039x, sep=1.05)
     rna_biology  alpha_req_abs_dev      m0     1.5175     3.8737   2.553x  not bimodal (outlier=rep4, rest=1.352x, sep=1.89)
                  alpha_req_abs_dev   FLOOR                         2.553x  carried by m0
     rna_biology          hard_rank   m0999   256.0000   256.0000   1.000x  not bimodal (outlier=rep1, rest=1.000x, sep=1.00)
     rna_biology          hard_rank      m0   256.0000   256.0000   1.000x  not bimodal (outlier=rep1, rest=1.000x, sep=1.00)
                          hard_rank   FLOOR                         1.000x  carried by m0999
     rna_biology        stable_rank   m0999     2.6135     3.1456   1.204x  not bimodal (outlier=rep4, rest=1.069x, sep=1.13)
     rna_biology        stable_rank      m0     1.0046     1.3584   1.352x  not bimodal (outlier=rep5, rest=1.281x, sep=1.06)
                        stable_rank   FLOOR                         1.352x  carried by m0
  wsi_rna_paired              LiDAR   m0999     8.0934     9.2919   1.148x  not bimodal (outlier=rep4, rest=1.085x, sep=1.06)
  wsi_rna_paired              LiDAR      m0     1.9195     2.5332   1.320x  not bimodal (outlier=rep5, rest=1.237x, sep=1.07)
                              LiDAR   FLOOR                         1.320x  carried by m0

per-repeat, per-step canonical R1 and R3 on `wsi_biology` — never a mean
  m0999    rep1  0:101.38/67.55 50:19.38/9.35 100:13.32/6.93 150:13.67/7.54 200:11.32/6.70 250:12.13/7.60 300:12.01/7.56 350:11.32/7.35 400:10.98/7.04 450:10.89/7.07 500:10.74/6.95 550:11.59/7.65 600:10.94/6.97
  m0999    rep2  0:101.38/67.55 50:19.33/9.32 100:12.85/6.81 150:13.10/7.00 200:12.35/7.54 250:11.96/7.34 300:11.22/7.08 350:11.64/7.21 400:12.35/8.09 450:11.84/7.73 500:11.68/7.62 550:11.58/7.66 600:11.95/8.05
  m0999    rep3  0:101.38/67.55 50:19.31/9.33 100:12.72/6.64 150:12.19/6.86 200:11.82/7.36 250:12.03/7.36 300:10.89/6.60 350:11.45/7.09 400:11.12/7.13 450:10.52/6.70 500:10.88/7.08 550:10.30/6.79 600:10.70/7.20
  m0999    rep4  0:101.38/67.55 50:19.36/9.35 100:13.70/7.12 150:12.35/6.86 200:12.05/7.06 250:11.50/6.85 300:11.03/6.95 350:11.57/7.58 400:11.21/7.29 450:11.00/7.22 500:11.19/7.46 550:11.33/7.76 600:10.35/6.74
  m0999    rep5  0:101.38/67.55 50:19.30/9.33 100:13.10/6.99 150:13.40/6.70 200:11.41/7.03 250:11.93/7.05 300:11.59/7.35 350:12.07/7.71 400:11.59/7.49 450:11.61/7.80 500:11.58/7.67 550:11.32/7.62 600:10.97/7.35
  m0       rep1  0:101.38/67.55 50:6.29/4.09 100:3.38/2.10 150:2.59/1.84 200:2.08/1.66 250:2.10/1.67 300:1.96/1.58 350:1.93/1.58 400:1.57/1.31 450:2.95/2.54 500:1.39/1.20 550:2.05/1.64 600:2.74/2.27
  m0       rep2  0:101.38/67.55 50:6.36/4.15 100:4.38/2.81 150:2.46/1.75 200:3.48/2.74 250:2.83/2.35 300:2.41/2.11 350:2.35/1.87 400:2.27/1.98 450:1.80/1.42 500:1.55/1.29 550:2.06/1.69 600:2.46/2.19
  m0       rep3  0:101.38/67.55 50:6.27/4.07 100:3.19/2.15 150:2.49/1.93 200:2.42/1.99 250:2.83/2.38 300:2.04/1.77 350:2.71/2.30 400:1.45/1.22 450:1.72/1.37 500:3.01/2.62 550:2.11/1.76 600:2.13/1.96
  m0       rep4  0:101.38/67.55 50:6.27/4.08 100:3.38/2.47 150:2.73/2.19 200:3.40/2.69 250:1.28/1.10 300:3.45/2.76 350:1.37/1.16 400:2.20/1.78 450:1.46/1.21 500:1.38/1.19 550:1.46/1.23 600:1.56/1.30
  m0       rep5  0:101.38/67.55 50:6.27/4.07 100:3.46/2.36 150:2.58/2.02 200:2.66/2.33 250:1.87/1.53 300:2.43/1.96 350:1.73/1.42 400:1.84/1.46 450:3.16/2.65 500:2.08/1.65 550:2.10/1.73 600:2.25/1.89

wrote /home/ubuntu/e0_run/d1_probefloor600/out/P2_PROBE_FLOORS_S600_m0999_m0.json
  m0999   rep1  step600  R1=  10.939  R3=   6.971  RankMe=  3.013  hard=   256
  m0999   rep2  step600  R1=  11.955  R3=   8.054  RankMe=  3.390  hard=   256
  m0999   rep3  step600  R1=  10.696  R3=   7.205  RankMe=  3.033  hard=   256
  m0999   rep4  step600  R1=  10.353  R3=   6.741  RankMe=  2.934  hard=   256
  m0999   rep5  step600  R1=  10.973  R3=   7.348  RankMe=  2.987  hard=   256
  m099    rep1  step600  R1=   6.935  R3=   5.631  RankMe=  2.348  hard=   256
  m099    rep2  step600  R1=   6.913  R3=   5.407  RankMe=  2.488  hard=   256
  m099    rep3  step600  R1=   6.462  R3=   5.142  RankMe=  2.218  hard=   256
  m099    rep4  step600  R1=   7.124  R3=   5.922  RankMe=  2.456  hard=   256
  m099    rep5  step600  R1=   6.805  R3=   5.532  RankMe=  2.287  hard=   256

floor on the fixed held-out probe at step 600 (max/min over five same-seed repeats, per arm)
            view          statistic     arm        min        max     fold  shape
     wsi_biology                 PR   m0999     3.3608     4.8130   1.432x  not bimodal (outlier=rep2, rest=1.327x, sep=1.08)
     wsi_biology                 PR    m099     3.4456     4.4547   1.293x  not bimodal (outlier=rep4, rest=1.181x, sep=1.09)
                                 PR   FLOOR                         1.432x  carried by m0999
     wsi_biology         PR_rownorm   m0999     3.3608     4.8130   1.432x  not bimodal (outlier=rep2, rest=1.327x, sep=1.08)
     wsi_biology         PR_rownorm    m099     3.4456     4.4547   1.293x  not bimodal (outlier=rep4, rest=1.181x, sep=1.09)
                         PR_rownorm   FLOOR                         1.432x  carried by m0999
     wsi_biology                 R1   m0999    10.3531    11.9545   1.155x  not bimodal (outlier=rep2, rest=1.060x, sep=1.09)
     wsi_biology                 R1    m099     6.4623     7.1241   1.102x  not bimodal (outlier=rep3, rest=1.047x, sep=1.05)
                                 R1   FLOOR                         1.155x  carried by m0999
     wsi_biology                 R2   m0999     6.7411     8.0536   1.195x  not bimodal (outlier=rep2, rest=1.090x, sep=1.10)
     wsi_biology                 R2    m099     5.1423     5.9216   1.152x  not bimodal (outlier=rep4, rest=1.095x, sep=1.05)
                                 R2   FLOOR                         1.195x  carried by m0999
     wsi_biology                 R3   m0999     6.7411     8.0536   1.195x  not bimodal (outlier=rep2, rest=1.090x, sep=1.10)
     wsi_biology                 R3    m099     5.1423     5.9216   1.152x  not bimodal (outlier=rep4, rest=1.095x, sep=1.05)
                                 R3   FLOOR                         1.195x  carried by m0999
     wsi_biology             RankMe   m0999     2.9343     3.3903   1.155x  not bimodal (outlier=rep2, rest=1.034x, sep=1.12)
     wsi_biology             RankMe    m099     2.2175     2.4879   1.122x  not bimodal (outlier=rep3, rest=1.088x, sep=1.03)
                             RankMe   FLOOR                         1.155x  carried by m0999
     wsi_biology          alpha_req   m0999     3.0090     3.1574   1.049x  not bimodal (outlier=rep2, rest=1.041x, sep=1.01)
     wsi_biology          alpha_req    m099     3.2667     3.5962   1.101x  not bimodal (outlier=rep3, rest=1.045x, sep=1.05)
                          alpha_req   FLOOR                         1.101x  carried by m099
     wsi_biology  alpha_req_abs_dev   m0999     2.0090     2.1574   1.074x  not bimodal (outlier=rep2, rest=1.062x, sep=1.01)
     wsi_biology  alpha_req_abs_dev    m099     2.2667     2.5962   1.145x  not bimodal (outlier=rep3, rest=1.065x, sep=1.07)
                  alpha_req_abs_dev   FLOOR                         1.145x  carried by m099
     wsi_biology          hard_rank   m0999   256.0000   256.0000   1.000x  not bimodal (outlier=rep1, rest=1.000x, sep=1.00)
     wsi_biology          hard_rank    m099   256.0000   256.0000   1.000x  not bimodal (outlier=rep1, rest=1.000x, sep=1.00)
                          hard_rank   FLOOR                         1.000x  carried by m0999
     wsi_biology        stable_rank   m0999     2.1180     2.9040   1.371x  not bimodal (outlier=rep2, rest=1.347x, sep=1.02)
     wsi_biology        stable_rank    m099     2.2218     2.8277   1.273x  not bimodal (outlier=rep2, rest=1.143x, sep=1.11)
                        stable_rank   FLOOR                         1.371x  carried by m0999
     rna_biology                 PR   m0999     3.9115     4.5984   1.176x  not bimodal (outlier=rep4, rest=1.107x, sep=1.06)
     rna_biology                 PR    m099     3.4726     4.3760   1.260x  not bimodal (outlier=rep4, rest=1.057x, sep=1.19)
                                 PR   FLOOR                         1.260x  carried by m099
     rna_biology         PR_rownorm   m0999     3.9115     4.5984   1.176x  not bimodal (outlier=rep4, rest=1.107x, sep=1.06)
     rna_biology         PR_rownorm    m099     3.4726     4.3760   1.260x  not bimodal (outlier=rep4, rest=1.057x, sep=1.19)
                         PR_rownorm   FLOOR                         1.260x  carried by m099
     rna_biology                 R1   m0999    11.5152    12.7092   1.104x  not bimodal (outlier=rep4, rest=1.073x, sep=1.03)
     rna_biology                 R1    m099     7.3257     7.9193   1.081x  not bimodal (outlier=rep5, rest=1.055x, sep=1.02)
                                 R1   FLOOR                         1.104x  carried by m0999
     rna_biology                 R2   m0999     7.0703     7.9304   1.122x  not bimodal (outlier=rep4, rest=1.076x, sep=1.04)
     rna_biology                 R2    m099     5.3102     6.0057   1.131x  not bimodal (outlier=rep4, rest=1.052x, sep=1.07)
                                 R2   FLOOR                         1.131x  carried by m099
     rna_biology                 R3   m0999     7.0703     7.9304   1.122x  not bimodal (outlier=rep4, rest=1.076x, sep=1.04)
     rna_biology                 R3    m099     5.3102     6.0057   1.131x  not bimodal (outlier=rep4, rest=1.052x, sep=1.07)
                                 R3   FLOOR                         1.131x  carried by m099
     rna_biology             RankMe   m0999     6.1299     7.2071   1.176x  not bimodal (outlier=rep4, rest=1.097x, sep=1.07)
     rna_biology             RankMe    m099     3.4293     3.7903   1.105x  not bimodal (outlier=rep4, rest=1.098x, sep=1.01)
                             RankMe   FLOOR                         1.176x  carried by m0999
     rna_biology          alpha_req   m0999     2.2473     2.3580   1.049x  not bimodal (outlier=rep3, rest=1.022x, sep=1.03)
     rna_biology          alpha_req    m099     2.7188     3.1333   1.152x  not bimodal (outlier=rep3, rest=1.069x, sep=1.08)
                          alpha_req   FLOOR                         1.152x  carried by m099
     rna_biology  alpha_req_abs_dev   m0999     1.2473     1.3580   1.089x  not bimodal (outlier=rep3, rest=1.039x, sep=1.05)
     rna_biology  alpha_req_abs_dev    m099     1.7188     2.1333   1.241x  not bimodal (outlier=rep3, rest=1.109x, sep=1.12)
                  alpha_req_abs_dev   FLOOR                         1.241x  carried by m099
     rna_biology          hard_rank   m0999   256.0000   256.0000   1.000x  not bimodal (outlier=rep1, rest=1.000x, sep=1.00)
     rna_biology          hard_rank    m099   256.0000   256.0000   1.000x  not bimodal (outlier=rep1, rest=1.000x, sep=1.00)
                          hard_rank   FLOOR                         1.000x  carried by m0999
     rna_biology        stable_rank   m0999     2.6135     3.1456   1.204x  not bimodal (outlier=rep4, rest=1.069x, sep=1.13)
     rna_biology        stable_rank    m099     2.3505     3.1852   1.355x  not bimodal (outlier=rep4, rest=1.171x, sep=1.16)
                        stable_rank   FLOOR                         1.355x  carried by m099
  wsi_rna_paired              LiDAR   m0999     8.0934     9.2919   1.148x  not bimodal (outlier=rep4, rest=1.085x, sep=1.06)
  wsi_rna_paired              LiDAR    m099     4.6455     5.5134   1.187x  not bimodal (outlier=rep2, rest=1.081x, sep=1.10)
                              LiDAR   FLOOR                         1.187x  carried by m099

per-repeat, per-step canonical R1 and R3 on `wsi_biology` — never a mean
  m0999    rep1  0:101.38/67.55 50:19.38/9.35 100:13.32/6.93 150:13.67/7.54 200:11.32/6.70 250:12.13/7.60 300:12.01/7.56 350:11.32/7.35 400:10.98/7.04 450:10.89/7.07 500:10.74/6.95 550:11.59/7.65 600:10.94/6.97
  m0999    rep2  0:101.38/67.55 50:19.33/9.32 100:12.85/6.81 150:13.10/7.00 200:12.35/7.54 250:11.96/7.34 300:11.22/7.08 350:11.64/7.21 400:12.35/8.09 450:11.84/7.73 500:11.68/7.62 550:11.58/7.66 600:11.95/8.05
  m0999    rep3  0:101.38/67.55 50:19.31/9.33 100:12.72/6.64 150:12.19/6.86 200:11.82/7.36 250:12.03/7.36 300:10.89/6.60 350:11.45/7.09 400:11.12/7.13 450:10.52/6.70 500:10.88/7.08 550:10.30/6.79 600:10.70/7.20
  m0999    rep4  0:101.38/67.55 50:19.36/9.35 100:13.70/7.12 150:12.35/6.86 200:12.05/7.06 250:11.50/6.85 300:11.03/6.95 350:11.57/7.58 400:11.21/7.29 450:11.00/7.22 500:11.19/7.46 550:11.33/7.76 600:10.35/6.74
  m0999    rep5  0:101.38/67.55 50:19.30/9.33 100:13.10/6.99 150:13.40/6.70 200:11.41/7.03 250:11.93/7.05 300:11.59/7.35 350:12.07/7.71 400:11.59/7.49 450:11.61/7.80 500:11.58/7.67 550:11.32/7.62 600:10.97/7.35
  m099     rep1  0:101.38/67.55 50:18.44/8.66 100:11.64/6.35 150:8.49/4.89 200:9.61/6.47 250:8.00/5.49 300:7.32/5.00 350:7.80/5.68 400:7.78/6.06 450:7.54/5.87 500:7.27/5.88 550:7.27/5.85 600:6.94/5.63
  m099     rep2  0:101.38/67.55 50:18.47/8.63 100:11.33/6.23 150:7.25/4.12 200:9.14/5.97 250:7.45/5.00 300:7.54/5.37 350:7.79/5.87 400:7.33/5.61 450:6.83/5.23 500:7.14/5.75 550:7.18/5.86 600:6.91/5.41
  m099     rep3  0:101.38/67.55 50:18.35/8.62 100:11.88/6.34 150:7.87/5.09 200:7.36/4.80 250:7.85/5.45 300:7.36/5.30 350:6.66/4.94 400:6.72/5.23 450:6.81/5.46 500:6.71/5.52 550:6.68/5.57 600:6.46/5.14
  m099     rep4  0:101.38/67.55 50:18.36/8.61 100:11.35/6.12 150:7.07/3.80 200:8.98/6.02 250:7.89/5.41 300:7.94/5.64 350:7.72/5.84 400:7.32/5.56 450:6.78/5.09 500:7.15/5.77 550:6.82/5.40 600:7.12/5.92
  m099     rep5  0:101.38/67.55 50:18.54/8.68 100:11.43/6.39 150:7.33/4.35 200:7.19/4.75 250:7.07/4.95 300:7.04/5.01 350:6.91/5.25 400:6.49/4.85 450:6.37/4.73 500:6.73/5.31 550:6.95/5.64 600:6.80/5.53

wrote /home/ubuntu/e0_run/d1_probefloor600/out/P2_PROBE_FLOORS_S600_m0999_m099.json
