momentum=0.0  decorrelation=0.04  capacity=4096  steps=1500  probe=256
  step  eff-rank  feat-std  rna-rna  contrastive
     0     67.55    0.0342   0.3650          nan
    50      4.10    0.0192   0.8385       6.2540
        STALENESS age:cos  0:0.398
   100      1.62    0.0112   0.9574       6.9281
        STALENESS age:cos  0:0.691
   150      1.62    0.0172   0.8334       5.0312
        STALENESS age:cos  0:0.247
   200      2.26    0.0192   0.8550       7.0363
        STALENESS age:cos  0:0.881
   250      2.29    0.0237   0.5829       6.5252
        STALENESS age:cos  0:0.782
   300      3.32    0.0122   0.9185       6.5521
        STALENESS age:cos  0:0.734
   350      1.97    0.0112   0.9523       7.3584
        STALENESS age:cos  0:0.948
   400      2.18    0.0078   0.9558       7.6464
        STALENESS age:cos  0:0.984
   450      2.20    0.0143   0.9212       5.7917
        STALENESS age:cos  0:0.879
   500      2.43    0.0117   0.9318       7.2709
        STALENESS age:cos  0:0.952
   550      2.63    0.0076   0.9581       7.4389
        STALENESS age:cos  0:0.967
   600      2.81    0.0070   0.9802       6.7969
        STALENESS age:cos  0:0.971
