momentum=0.9  decorrelation=0.04  capacity=4096  steps=1500  probe=256
  step  eff-rank  feat-std  rna-rna  contrastive
     0     67.55    0.0342   0.3650          nan
    50      3.88    0.0103   0.7890       6.3403
        STALENESS age:cos  0:0.888
   100      3.51    0.0024   0.9841       6.7300
        STALENESS age:cos  0:0.895
   150      2.15    0.0101   0.9694       7.0352
        STALENESS age:cos  0:0.932
   200      1.65    0.0049   0.9706       7.7410
        STALENESS age:cos  0:0.955
   250      1.85    0.0031   0.9811       7.6606
        STALENESS age:cos  0:0.979
   300      2.70    0.0033   0.9907       7.1198
        STALENESS age:cos  0:0.969
   350      2.25    0.0073   0.9898       7.7822
        STALENESS age:cos  0:0.977
   400      2.31    0.0037   0.9801       8.1002
        STALENESS age:cos  0:0.989
   450      2.22    0.0059   0.9842       7.9375
        STALENESS age:cos  0:0.976
   500      2.34    0.0045   0.9938       7.9402
        STALENESS age:cos  0:0.985
   550      2.40    0.0035   0.9887       7.9628
        STALENESS age:cos  0:0.983
   600      2.23    0.0048   0.9829       7.5969
        STALENESS age:cos  0:0.974
