momentum=0.999  decorrelation=0.04  capacity=4096  lr=0.0002  seed=44  steps=500  probe=256
tau=1000.0 steps   T=capacity/214=19.1 steps   tau/T=52.25
  step   R3-rank  CANONICAL  feat-std  rna-rna  contrastive
     0     69.64     104.11    0.0331   0.3092          nan
    50      9.04      17.79    0.0058   0.8767       5.0616
        STALENESS age:cos  0:0.185
   100      5.90       9.95    0.0048   0.9206       5.1438
        STALENESS age:cos  0:0.399
   150      5.49       9.19    0.0065   0.9110       1.7409
        STALENESS age:cos  0:0.597
   200      6.38      10.51    0.0053   0.9106       5.3073
        STALENESS age:cos  0:0.702
   250      6.47      10.51    0.0040   0.9070       5.6309
        STALENESS age:cos  0:0.827
   300      6.66      10.39    0.0047   0.9022       4.3776
        STALENESS age:cos  0:0.885
   350      7.01      10.74    0.0062   0.8787       6.1268
        STALENESS age:cos  0:0.909
   400      6.91      10.48    0.0067   0.8749       6.3907
        STALENESS age:cos  0:0.938
   450      7.14      10.64    0.0059   0.8781       6.7292
        STALENESS age:cos  0:0.939
   500      7.15      10.55    0.0051   0.8934       7.1444
        STALENESS age:cos  0:0.964

DONE momentum=0.999 decorr=0.04 final_eff_rank=7.15 rna_rna=0.8934
