momentum=0.0  decorrelation=0.04  capacity=4096  lr=0.0002  seed=44  steps=500  probe=256
tau=0.0 steps   T=capacity/214=19.1 steps   tau/T=0.00
  step   R3-rank  CANONICAL  feat-std  rna-rna  contrastive
     0     69.64     104.11    0.0331   0.3092          nan
    50      4.34       6.68    0.0113   0.9587       6.4021
        STALENESS age:cos  0:0.262
   100      3.63       5.15    0.0389   0.6292       6.0538
        STALENESS age:cos  0:0.663
   150      3.65       4.92    0.0285   0.7688       5.7031
        STALENESS age:cos  0:0.748
   200      2.81       3.38    0.0104   0.9629       6.8620
        STALENESS age:cos  0:0.867
   250      1.62       2.14    0.0081   0.9814       6.8872
        STALENESS age:cos  0:0.858
   300      1.72       2.32    0.0157   0.8536       7.2552
        STALENESS age:cos  0:0.956
   350      2.15       2.74    0.0065   0.9782       7.6662
        STALENESS age:cos  0:0.977
   400      2.05       2.47    0.0050   0.9708       7.7162
        STALENESS age:cos  0:0.977
   450      1.83       2.24    0.0059   0.9749       7.8542
        STALENESS age:cos  0:0.984
   500      2.06       2.36    0.0076   0.9506       7.6342
        STALENESS age:cos  0:0.987

DONE momentum=0.0 decorr=0.04 final_eff_rank=2.06 rna_rna=0.9506
